2026-02-04 19:53:15,292 INFO o.a.j.u.JMeterUtils: Setting Locale to en_EN
2026-02-04 19:53:15,332 INFO o.a.j.JMeter: Loading user properties from: D:\0.Программы\0.EXE\apache-jmeter-5.6.3\bin\user.properties
2026-02-04 19:53:15,346 INFO o.a.j.JMeter: Loading system properties from: D:\0.Программы\0.EXE\apache-jmeter-5.6.3\bin\system.properties
2026-02-04 19:53:15,347 INFO o.a.j.JMeter: Setting JMeter property: threads=100
2026-02-04 19:53:15,347 INFO o.a.j.JMeter: Setting JMeter property: rampup=1
2026-02-04 19:53:15,347 INFO o.a.j.JMeter: Setting JMeter property: loops=1
2026-02-04 19:53:15,347 INFO o.a.j.JMeter: Setting JMeter property: duration=1
2026-02-04 19:53:15,355 INFO o.a.j.JMeter: Copyright (c) 1998-2024 The Apache Software Foundation
2026-02-04 19:53:15,355 INFO o.a.j.JMeter: Version 5.6.3
2026-02-04 19:53:15,355 INFO o.a.j.JMeter: java.version=21.0.9
2026-02-04 19:53:15,355 INFO o.a.j.JMeter: java.vm.name=OpenJDK 64-Bit Server VM
2026-02-04 19:53:15,355 INFO o.a.j.JMeter: os.name=Windows 11
2026-02-04 19:53:15,355 INFO o.a.j.JMeter: os.arch=amd64
2026-02-04 19:53:15,355 INFO o.a.j.JMeter: os.version=10.0
2026-02-04 19:53:15,356 INFO o.a.j.JMeter: file.encoding=UTF-8
2026-02-04 19:53:15,356 INFO o.a.j.JMeter: java.awt.headless=true
2026-02-04 19:53:15,356 INFO o.a.j.JMeter: Max memory     =1073741824
2026-02-04 19:53:15,356 INFO o.a.j.JMeter: Available Processors =12
2026-02-04 19:53:15,369 INFO o.a.j.JMeter: Default Locale=English (EN)
2026-02-04 19:53:15,369 INFO o.a.j.JMeter: JMeter  Locale=English (EN)
2026-02-04 19:53:15,369 INFO o.a.j.JMeter: JMeterHome=D:\0.Программы\0.EXE\apache-jmeter-5.6.3
2026-02-04 19:53:15,369 INFO o.a.j.JMeter: user.dir  =D:\0.IT\0.ITHillel\0.QA_Pro\ДЗ - 15
2026-02-04 19:53:15,370 INFO o.a.j.JMeter: PWD       =D:\0.IT\0.ITHillel\0.QA_Pro\ДЗ - 15
2026-02-04 19:53:15,377 INFO o.a.j.JMeter: IP: 192.168.0.8 Name: LapTopBTC FullName: host.docker.internal
2026-02-04 19:53:15,412 ERROR o.a.j.JMeter: An error occurred: 
java.lang.IllegalArgumentException: Cannot write to 'D:\0.IT\0.ITHillel\0.QA_Pro\ДЗ - 15\report_01_100users_loop1' as folder is not empty
	at org.apache.jorphan.util.JOrphanUtils.canSafelyWriteToFolder(JOrphanUtils.java:664) ~[jorphan.jar:5.6.3]
	at org.apache.jorphan.util.JOrphanUtils.canSafelyWriteToFolder(JOrphanUtils.java:620) ~[jorphan.jar:5.6.3]
	at org.apache.jmeter.JMeter.extractAndSetReportOutputFolder(JMeter.java:542) ~[ApacheJMeter_core.jar:5.6.3]
	at org.apache.jmeter.JMeter.start(JMeter.java:492) [ApacheJMeter_core.jar:5.6.3]
	at java.base/jdk.internal.reflect.DirectMethodHandleAccessor.invoke(DirectMethodHandleAccessor.java:103) ~[?:?]
	at java.base/java.lang.reflect.Method.invoke(Method.java:580) ~[?:?]
	at org.apache.jmeter.NewDriver.main(NewDriver.java:259) [ApacheJMeter.jar:5.6.3]
